// Jest Snapshot v1, https://goo.gl/fbAQLP

exports[`Default layout renders to match snapshot 1`] = `
<div class="container mx-auto">
  <app-cookie-stub></app-cookie-stub>
  <div></div>
</div>
`;
